// Jest Snapshot v1, https://goo.gl/fbAQLP

exports[`Social Social should render 1`] = `
ShallowWrapper {
  Symbol(enzyme.__root__): [Circular],
  Symbol(enzyme.__unrendered__): <Social
    gray={false}
    rounded={true}
    type="email"
    url=""
  />,
  Symbol(enzyme.__renderer__): Object {
    "batchedUpdates": [Function],
    "getNode": [Function],
    "render": [Function],
    "simulateError": [Function],
    "simulateEvent": [Function],
    "unmount": [Function],
  },
  Symbol(enzyme.__node__): Object {
    "instance": null,
    "key": undefined,
    "nodeType": "function",
    "props": Object {
      "children": <Icon
        className=""
        iconBgStyle={Object {}}
        logoFillColor="white"
        round={true}
        size={64}
      />,
      "className": "",
      "media": "Share in Pinterest",
      "onClick": [Function],
      "openWindow": false,
      "url": "",
    },
    "ref": null,
    "rendered": Object {
      "instance": null,
      "key": undefined,
      "nodeType": "function",
      "props": Object {
        "className": "",
        "iconBgStyle": Object {},
        "logoFillColor": "white",
        "round": true,
        "size": 64,
      },
      "ref": null,
      "rendered": null,
      "type": [Function],
    },
    "type": [Function],
  },
  Symbol(enzyme.__nodes__): Array [
    Object {
      "instance": null,
      "key": undefined,
      "nodeType": "function",
      "props": Object {
        "children": <Icon
          className=""
          iconBgStyle={Object {}}
          logoFillColor="white"
          round={true}
          size={64}
        />,
        "className": "",
        "media": "Share in Pinterest",
        "onClick": [Function],
        "openWindow": false,
        "url": "",
      },
      "ref": null,
      "rendered": Object {
        "instance": null,
        "key": undefined,
        "nodeType": "function",
        "props": Object {
          "className": "",
          "iconBgStyle": Object {},
          "logoFillColor": "white",
          "round": true,
          "size": 64,
        },
        "ref": null,
        "rendered": null,
        "type": [Function],
      },
      "type": [Function],
    },
  ],
  Symbol(enzyme.__options__): Object {
    "adapter": ReactSixteenAdapter {
      "options": Object {
        "enableComponentDidUpdateOnSetState": true,
        "lifecycles": Object {
          "componentDidUpdate": Object {
            "onSetState": true,
          },
          "getDerivedStateFromProps": true,
          "getSnapshotBeforeUpdate": true,
          "setState": Object {
            "skipsComponentDidUpdateOnNullish": true,
          },
        },
      },
    },
    "attachTo": undefined,
    "hydrateIn": undefined,
  },
}
`;
