// Jest Snapshot v1, https://goo.gl/fbAQLP

exports[`Footer footer should render 1`] = `
ReactWrapper {
  Symbol(enzyme.__unrendered__): <footer
    sections={
      Array [
        Object {
          "name": "Features",
          "sections": Array [
            Object {
              "name": "Cool stuff",
              "url": "https://front10.com",
            },
            Object {
              "name": "Random feature",
              "url": "https://front10.com",
            },
            Object {
              "name": "Team feature",
              "url": "https://front10.com",
            },
            Object {
              "name": "Stuff for developers",
              "url": "https://front10.com",
            },
            Object {
              "name": "Another one",
              "url": "https://front10.com",
            },
            Object {
              "name": "Last time",
              "url": "https://front10.com",
            },
          ],
        },
      ]
    }
  />,
  Symbol(enzyme.__renderer__): Object {
    "batchedUpdates": [Function],
    "getNode": [Function],
    "render": [Function],
    "simulateError": [Function],
    "simulateEvent": [Function],
    "unmount": [Function],
  },
  Symbol(enzyme.__root__): [Circular],
  Symbol(enzyme.__node__): Object {
    "instance": <footer
      sections="[object Object]"
    />,
    "key": undefined,
    "nodeType": "host",
    "props": Object {
      "sections": Array [
        Object {
          "name": "Features",
          "sections": Array [
            Object {
              "name": "Cool stuff",
              "url": "https://front10.com",
            },
            Object {
              "name": "Random feature",
              "url": "https://front10.com",
            },
            Object {
              "name": "Team feature",
              "url": "https://front10.com",
            },
            Object {
              "name": "Stuff for developers",
              "url": "https://front10.com",
            },
            Object {
              "name": "Another one",
              "url": "https://front10.com",
            },
            Object {
              "name": "Last time",
              "url": "https://front10.com",
            },
          ],
        },
      ],
    },
    "ref": null,
    "rendered": Array [
      undefined,
    ],
    "type": "footer",
  },
  Symbol(enzyme.__nodes__): Array [
    Object {
      "instance": <footer
        sections="[object Object]"
      />,
      "key": undefined,
      "nodeType": "host",
      "props": Object {
        "sections": Array [
          Object {
            "name": "Features",
            "sections": Array [
              Object {
                "name": "Cool stuff",
                "url": "https://front10.com",
              },
              Object {
                "name": "Random feature",
                "url": "https://front10.com",
              },
              Object {
                "name": "Team feature",
                "url": "https://front10.com",
              },
              Object {
                "name": "Stuff for developers",
                "url": "https://front10.com",
              },
              Object {
                "name": "Another one",
                "url": "https://front10.com",
              },
              Object {
                "name": "Last time",
                "url": "https://front10.com",
              },
            ],
          },
        ],
      },
      "ref": null,
      "rendered": Array [
        undefined,
      ],
      "type": "footer",
    },
  ],
  Symbol(enzyme.__options__): Object {
    "adapter": ReactSixteenAdapter {
      "options": Object {
        "enableComponentDidUpdateOnSetState": true,
        "lifecycles": Object {
          "componentDidUpdate": Object {
            "onSetState": true,
          },
          "getDerivedStateFromProps": true,
          "getSnapshotBeforeUpdate": true,
          "setState": Object {
            "skipsComponentDidUpdateOnNullish": true,
          },
        },
      },
    },
    "attachTo": undefined,
    "hydrateIn": undefined,
  },
}
`;
