// Jest Snapshot v1, https://goo.gl/fbAQLP

exports[`LanguageSwitcher LanguageSwitcher should render 1`] = `
ShallowWrapper {
  Symbol(enzyme.__root__): [Circular],
  Symbol(enzyme.__unrendered__): <LanguageSwitcher
    customLabels={Object {}}
    disabled={false}
    languages={Array []}
    onSelect={[Function]}
    placeholder="Language"
    selectedLanguage="US"
    showArrow={true}
    showFlag={true}
    showLabel={false}
    showOptionLabel={true}
  />,
  Symbol(enzyme.__renderer__): Object {
    "batchedUpdates": [Function],
    "getNode": [Function],
    "render": [Function],
    "simulateError": [Function],
    "simulateEvent": [Function],
    "unmount": [Function],
  },
  Symbol(enzyme.__node__): Object {
    "instance": null,
    "key": undefined,
    "nodeType": "host",
    "props": Object {
      "children": <ReactFlagsSelect
        alignOptions="right"
        blackList={false}
        countries={Array []}
        customLabels={Object {}}
        defaultCountry="US"
        disabled={false}
        onSelect={[Function]}
        optionsSize={14}
        placeholder="Language"
        searchPlaceholder="Search"
        searchable={false}
        selectedSize={16}
        showOptionLabel={true}
        showSelectedLabel={false}
      />,
      "className": "LanguageSwitcher  ",
    },
    "ref": null,
    "rendered": Object {
      "instance": null,
      "key": undefined,
      "nodeType": "class",
      "props": Object {
        "alignOptions": "right",
        "blackList": false,
        "countries": Array [],
        "customLabels": Object {},
        "defaultCountry": "US",
        "disabled": false,
        "onSelect": [Function],
        "optionsSize": 14,
        "placeholder": "Language",
        "searchPlaceholder": "Search",
        "searchable": false,
        "selectedSize": 16,
        "showOptionLabel": true,
        "showSelectedLabel": false,
      },
      "ref": "languageSwitcher",
      "rendered": null,
      "type": [Function],
    },
    "type": "div",
  },
  Symbol(enzyme.__nodes__): Array [
    Object {
      "instance": null,
      "key": undefined,
      "nodeType": "host",
      "props": Object {
        "children": <ReactFlagsSelect
          alignOptions="right"
          blackList={false}
          countries={Array []}
          customLabels={Object {}}
          defaultCountry="US"
          disabled={false}
          onSelect={[Function]}
          optionsSize={14}
          placeholder="Language"
          searchPlaceholder="Search"
          searchable={false}
          selectedSize={16}
          showOptionLabel={true}
          showSelectedLabel={false}
        />,
        "className": "LanguageSwitcher  ",
      },
      "ref": null,
      "rendered": Object {
        "instance": null,
        "key": undefined,
        "nodeType": "class",
        "props": Object {
          "alignOptions": "right",
          "blackList": false,
          "countries": Array [],
          "customLabels": Object {},
          "defaultCountry": "US",
          "disabled": false,
          "onSelect": [Function],
          "optionsSize": 14,
          "placeholder": "Language",
          "searchPlaceholder": "Search",
          "searchable": false,
          "selectedSize": 16,
          "showOptionLabel": true,
          "showSelectedLabel": false,
        },
        "ref": "languageSwitcher",
        "rendered": null,
        "type": [Function],
      },
      "type": "div",
    },
  ],
  Symbol(enzyme.__options__): Object {
    "adapter": ReactSixteenAdapter {
      "options": Object {
        "enableComponentDidUpdateOnSetState": true,
        "lifecycles": Object {
          "componentDidUpdate": Object {
            "onSetState": true,
          },
          "getDerivedStateFromProps": true,
          "getSnapshotBeforeUpdate": true,
          "setState": Object {
            "skipsComponentDidUpdateOnNullish": true,
          },
        },
      },
    },
    "attachTo": undefined,
    "hydrateIn": undefined,
  },
}
`;
