// Jest Snapshot v1, https://goo.gl/fbAQLP

exports[`Code Code should render 1`] = `
ShallowWrapper {
  Symbol(enzyme.__root__): [Circular],
  Symbol(enzyme.__unrendered__): <Code
    bgColorDark={false}
    code="const component = {
	name: \\"react-code\\",
	author: \\"front10-devs\\",
	repo: \\"https://gitlab.com/front10-devs/landing-page-book\\"
};"
    languageCode="javascript"
    lineNumbers={true}
    readOnly={false}
    showfooter={true}
    showheader={true}
    theme="idea"
    updateCode={[Function]}
  />,
  Symbol(enzyme.__renderer__): Object {
    "batchedUpdates": [Function],
    "getNode": [Function],
    "render": [Function],
    "simulateError": [Function],
    "simulateEvent": [Function],
    "unmount": [Function],
  },
  Symbol(enzyme.__node__): Object {
    "instance": null,
    "key": undefined,
    "nodeType": "host",
    "props": Object {
      "children": Array [
        <Navbar
          className="CodeMirror__header"
          companyLink=""
          companyLogo=""
          companyName=""
          expand=""
          fixed={false}
          leftItems={Array []}
          onItemClick={[Function]}
          rightItems={Array []}
          transparent={false}
        >
          <NavbarNav
            alignItems="right"
          >
            <CopyToClipboard
              onCopy={[Function]}
              options={undefined}
              text="const component = {
	name: \\"react-code\\",
	author: \\"front10-devs\\",
	repo: \\"https://gitlab.com/front10-devs/landing-page-book\\"
};"
            >
              <Button
                ariaLabel=""
                className="btn  CodeMirror_btn"
                disabled={false}
                loading={false}
                onClick={[Function]}
                tooltip="Copy"
                type="button"
              >
                <Icon
                  className="CodeMirror__header_copybtn"
                  icon="fa fa-clone"
                  role="link"
                  style={Object {}}
                />
              </Button>
            </CopyToClipboard>
            <Button
              ariaLabel=""
              className="btn  CodeMirror_btn"
              disabled={false}
              loading={false}
              onClick={[Function]}
              tooltip="Clear"
              type="button"
            >
              <Icon
                className="CodeMirror__header_deletebtn"
                icon="fa fa-trash-o"
                style={Object {}}
              />
            </Button>
          </NavbarNav>
        </Navbar>,
        <Unknown
          autoFocus={true}
          className=""
          onChange={[Function]}
          options={
            Object {
              "lineNumbers": true,
              "mode": "javascript",
              "readOnly": false,
              "theme": "idea",
            }
          }
          preserveScrollPosition={false}
          value="const component = {
	name: \\"react-code\\",
	author: \\"front10-devs\\",
	repo: \\"https://gitlab.com/front10-devs/landing-page-book\\"
};"
        />,
        <Navbar
          className="CodeMirror__header"
          companyLink=""
          companyLogo=""
          companyName=""
          expand=""
          fixed={false}
          leftItems={Array []}
          onItemClick={[Function]}
          rightItems={Array []}
          transparent={false}
        />,
      ],
    },
    "ref": null,
    "rendered": Array [
      Object {
        "instance": null,
        "key": undefined,
        "nodeType": "class",
        "props": Object {
          "children": <NavbarNav
            alignItems="right"
          >
            <CopyToClipboard
              onCopy={[Function]}
              options={undefined}
              text="const component = {
	name: \\"react-code\\",
	author: \\"front10-devs\\",
	repo: \\"https://gitlab.com/front10-devs/landing-page-book\\"
};"
            >
              <Button
                ariaLabel=""
                className="btn  CodeMirror_btn"
                disabled={false}
                loading={false}
                onClick={[Function]}
                tooltip="Copy"
                type="button"
              >
                <Icon
                  className="CodeMirror__header_copybtn"
                  icon="fa fa-clone"
                  role="link"
                  style={Object {}}
                />
              </Button>
            </CopyToClipboard>
            <Button
              ariaLabel=""
              className="btn  CodeMirror_btn"
              disabled={false}
              loading={false}
              onClick={[Function]}
              tooltip="Clear"
              type="button"
            >
              <Icon
                className="CodeMirror__header_deletebtn"
                icon="fa fa-trash-o"
                style={Object {}}
              />
            </Button>
          </NavbarNav>,
          "className": "CodeMirror__header",
          "companyLink": "",
          "companyLogo": "",
          "companyName": "",
          "expand": "",
          "fixed": false,
          "leftItems": Array [],
          "onItemClick": [Function],
          "rightItems": Array [],
          "transparent": false,
        },
        "ref": null,
        "rendered": Object {
          "instance": null,
          "key": undefined,
          "nodeType": "class",
          "props": Object {
            "alignItems": "right",
            "children": Array [
              <CopyToClipboard
                onCopy={[Function]}
                options={undefined}
                text="const component = {
	name: \\"react-code\\",
	author: \\"front10-devs\\",
	repo: \\"https://gitlab.com/front10-devs/landing-page-book\\"
};"
              >
                <Button
                  ariaLabel=""
                  className="btn  CodeMirror_btn"
                  disabled={false}
                  loading={false}
                  onClick={[Function]}
                  tooltip="Copy"
                  type="button"
                >
                  <Icon
                    className="CodeMirror__header_copybtn"
                    icon="fa fa-clone"
                    role="link"
                    style={Object {}}
                  />
                </Button>
              </CopyToClipboard>,
              <Button
                ariaLabel=""
                className="btn  CodeMirror_btn"
                disabled={false}
                loading={false}
                onClick={[Function]}
                tooltip="Clear"
                type="button"
              >
                <Icon
                  className="CodeMirror__header_deletebtn"
                  icon="fa fa-trash-o"
                  style={Object {}}
                />
              </Button>,
            ],
          },
          "ref": null,
          "rendered": Array [
            Object {
              "instance": null,
              "key": undefined,
              "nodeType": "class",
              "props": Object {
                "children": <Button
                  ariaLabel=""
                  className="btn  CodeMirror_btn"
                  disabled={false}
                  loading={false}
                  onClick={[Function]}
                  tooltip="Copy"
                  type="button"
                >
                  <Icon
                    className="CodeMirror__header_copybtn"
                    icon="fa fa-clone"
                    role="link"
                    style={Object {}}
                  />
                </Button>,
                "onCopy": [Function],
                "options": undefined,
                "text": "const component = {
	name: \\"react-code\\",
	author: \\"front10-devs\\",
	repo: \\"https://gitlab.com/front10-devs/landing-page-book\\"
};",
              },
              "ref": null,
              "rendered": Object {
                "instance": null,
                "key": undefined,
                "nodeType": "class",
                "props": Object {
                  "ariaLabel": "",
                  "children": <Icon
                    className="CodeMirror__header_copybtn"
                    icon="fa fa-clone"
                    role="link"
                    style={Object {}}
                  />,
                  "className": "btn  CodeMirror_btn",
                  "disabled": false,
                  "loading": false,
                  "onClick": [Function],
                  "tooltip": "Copy",
                  "type": "button",
                },
                "ref": null,
                "rendered": Object {
                  "instance": null,
                  "key": undefined,
                  "nodeType": "class",
                  "props": Object {
                    "className": "CodeMirror__header_copybtn",
                    "icon": "fa fa-clone",
                    "role": "link",
                    "style": Object {},
                  },
                  "ref": null,
                  "rendered": null,
                  "type": [Function],
                },
                "type": [Function],
              },
              "type": [Function],
            },
            Object {
              "instance": null,
              "key": undefined,
              "nodeType": "class",
              "props": Object {
                "ariaLabel": "",
                "children": <Icon
                  className="CodeMirror__header_deletebtn"
                  icon="fa fa-trash-o"
                  style={Object {}}
                />,
                "className": "btn  CodeMirror_btn",
                "disabled": false,
                "loading": false,
                "onClick": [Function],
                "tooltip": "Clear",
                "type": "button",
              },
              "ref": null,
              "rendered": Object {
                "instance": null,
                "key": undefined,
                "nodeType": "class",
                "props": Object {
                  "className": "CodeMirror__header_deletebtn",
                  "icon": "fa fa-trash-o",
                  "style": Object {},
                },
                "ref": null,
                "rendered": null,
                "type": [Function],
              },
              "type": [Function],
            },
          ],
          "type": [Function],
        },
        "type": [Function],
      },
      Object {
        "instance": null,
        "key": undefined,
        "nodeType": "class",
        "props": Object {
          "autoFocus": true,
          "className": "",
          "onChange": [Function],
          "options": Object {
            "lineNumbers": true,
            "mode": "javascript",
            "readOnly": false,
            "theme": "idea",
          },
          "preserveScrollPosition": false,
          "value": "const component = {
	name: \\"react-code\\",
	author: \\"front10-devs\\",
	repo: \\"https://gitlab.com/front10-devs/landing-page-book\\"
};",
        },
        "ref": "editor",
        "rendered": null,
        "type": [Function],
      },
      Object {
        "instance": null,
        "key": undefined,
        "nodeType": "class",
        "props": Object {
          "children": null,
          "className": "CodeMirror__header",
          "companyLink": "",
          "companyLogo": "",
          "companyName": "",
          "expand": "",
          "fixed": false,
          "leftItems": Array [],
          "onItemClick": [Function],
          "rightItems": Array [],
          "transparent": false,
        },
        "ref": null,
        "rendered": null,
        "type": [Function],
      },
    ],
    "type": "div",
  },
  Symbol(enzyme.__nodes__): Array [
    Object {
      "instance": null,
      "key": undefined,
      "nodeType": "host",
      "props": Object {
        "children": Array [
          <Navbar
            className="CodeMirror__header"
            companyLink=""
            companyLogo=""
            companyName=""
            expand=""
            fixed={false}
            leftItems={Array []}
            onItemClick={[Function]}
            rightItems={Array []}
            transparent={false}
          >
            <NavbarNav
              alignItems="right"
            >
              <CopyToClipboard
                onCopy={[Function]}
                options={undefined}
                text="const component = {
	name: \\"react-code\\",
	author: \\"front10-devs\\",
	repo: \\"https://gitlab.com/front10-devs/landing-page-book\\"
};"
              >
                <Button
                  ariaLabel=""
                  className="btn  CodeMirror_btn"
                  disabled={false}
                  loading={false}
                  onClick={[Function]}
                  tooltip="Copy"
                  type="button"
                >
                  <Icon
                    className="CodeMirror__header_copybtn"
                    icon="fa fa-clone"
                    role="link"
                    style={Object {}}
                  />
                </Button>
              </CopyToClipboard>
              <Button
                ariaLabel=""
                className="btn  CodeMirror_btn"
                disabled={false}
                loading={false}
                onClick={[Function]}
                tooltip="Clear"
                type="button"
              >
                <Icon
                  className="CodeMirror__header_deletebtn"
                  icon="fa fa-trash-o"
                  style={Object {}}
                />
              </Button>
            </NavbarNav>
          </Navbar>,
          <Unknown
            autoFocus={true}
            className=""
            onChange={[Function]}
            options={
              Object {
                "lineNumbers": true,
                "mode": "javascript",
                "readOnly": false,
                "theme": "idea",
              }
            }
            preserveScrollPosition={false}
            value="const component = {
	name: \\"react-code\\",
	author: \\"front10-devs\\",
	repo: \\"https://gitlab.com/front10-devs/landing-page-book\\"
};"
          />,
          <Navbar
            className="CodeMirror__header"
            companyLink=""
            companyLogo=""
            companyName=""
            expand=""
            fixed={false}
            leftItems={Array []}
            onItemClick={[Function]}
            rightItems={Array []}
            transparent={false}
          />,
        ],
      },
      "ref": null,
      "rendered": Array [
        Object {
          "instance": null,
          "key": undefined,
          "nodeType": "class",
          "props": Object {
            "children": <NavbarNav
              alignItems="right"
            >
              <CopyToClipboard
                onCopy={[Function]}
                options={undefined}
                text="const component = {
	name: \\"react-code\\",
	author: \\"front10-devs\\",
	repo: \\"https://gitlab.com/front10-devs/landing-page-book\\"
};"
              >
                <Button
                  ariaLabel=""
                  className="btn  CodeMirror_btn"
                  disabled={false}
                  loading={false}
                  onClick={[Function]}
                  tooltip="Copy"
                  type="button"
                >
                  <Icon
                    className="CodeMirror__header_copybtn"
                    icon="fa fa-clone"
                    role="link"
                    style={Object {}}
                  />
                </Button>
              </CopyToClipboard>
              <Button
                ariaLabel=""
                className="btn  CodeMirror_btn"
                disabled={false}
                loading={false}
                onClick={[Function]}
                tooltip="Clear"
                type="button"
              >
                <Icon
                  className="CodeMirror__header_deletebtn"
                  icon="fa fa-trash-o"
                  style={Object {}}
                />
              </Button>
            </NavbarNav>,
            "className": "CodeMirror__header",
            "companyLink": "",
            "companyLogo": "",
            "companyName": "",
            "expand": "",
            "fixed": false,
            "leftItems": Array [],
            "onItemClick": [Function],
            "rightItems": Array [],
            "transparent": false,
          },
          "ref": null,
          "rendered": Object {
            "instance": null,
            "key": undefined,
            "nodeType": "class",
            "props": Object {
              "alignItems": "right",
              "children": Array [
                <CopyToClipboard
                  onCopy={[Function]}
                  options={undefined}
                  text="const component = {
	name: \\"react-code\\",
	author: \\"front10-devs\\",
	repo: \\"https://gitlab.com/front10-devs/landing-page-book\\"
};"
                >
                  <Button
                    ariaLabel=""
                    className="btn  CodeMirror_btn"
                    disabled={false}
                    loading={false}
                    onClick={[Function]}
                    tooltip="Copy"
                    type="button"
                  >
                    <Icon
                      className="CodeMirror__header_copybtn"
                      icon="fa fa-clone"
                      role="link"
                      style={Object {}}
                    />
                  </Button>
                </CopyToClipboard>,
                <Button
                  ariaLabel=""
                  className="btn  CodeMirror_btn"
                  disabled={false}
                  loading={false}
                  onClick={[Function]}
                  tooltip="Clear"
                  type="button"
                >
                  <Icon
                    className="CodeMirror__header_deletebtn"
                    icon="fa fa-trash-o"
                    style={Object {}}
                  />
                </Button>,
              ],
            },
            "ref": null,
            "rendered": Array [
              Object {
                "instance": null,
                "key": undefined,
                "nodeType": "class",
                "props": Object {
                  "children": <Button
                    ariaLabel=""
                    className="btn  CodeMirror_btn"
                    disabled={false}
                    loading={false}
                    onClick={[Function]}
                    tooltip="Copy"
                    type="button"
                  >
                    <Icon
                      className="CodeMirror__header_copybtn"
                      icon="fa fa-clone"
                      role="link"
                      style={Object {}}
                    />
                  </Button>,
                  "onCopy": [Function],
                  "options": undefined,
                  "text": "const component = {
	name: \\"react-code\\",
	author: \\"front10-devs\\",
	repo: \\"https://gitlab.com/front10-devs/landing-page-book\\"
};",
                },
                "ref": null,
                "rendered": Object {
                  "instance": null,
                  "key": undefined,
                  "nodeType": "class",
                  "props": Object {
                    "ariaLabel": "",
                    "children": <Icon
                      className="CodeMirror__header_copybtn"
                      icon="fa fa-clone"
                      role="link"
                      style={Object {}}
                    />,
                    "className": "btn  CodeMirror_btn",
                    "disabled": false,
                    "loading": false,
                    "onClick": [Function],
                    "tooltip": "Copy",
                    "type": "button",
                  },
                  "ref": null,
                  "rendered": Object {
                    "instance": null,
                    "key": undefined,
                    "nodeType": "class",
                    "props": Object {
                      "className": "CodeMirror__header_copybtn",
                      "icon": "fa fa-clone",
                      "role": "link",
                      "style": Object {},
                    },
                    "ref": null,
                    "rendered": null,
                    "type": [Function],
                  },
                  "type": [Function],
                },
                "type": [Function],
              },
              Object {
                "instance": null,
                "key": undefined,
                "nodeType": "class",
                "props": Object {
                  "ariaLabel": "",
                  "children": <Icon
                    className="CodeMirror__header_deletebtn"
                    icon="fa fa-trash-o"
                    style={Object {}}
                  />,
                  "className": "btn  CodeMirror_btn",
                  "disabled": false,
                  "loading": false,
                  "onClick": [Function],
                  "tooltip": "Clear",
                  "type": "button",
                },
                "ref": null,
                "rendered": Object {
                  "instance": null,
                  "key": undefined,
                  "nodeType": "class",
                  "props": Object {
                    "className": "CodeMirror__header_deletebtn",
                    "icon": "fa fa-trash-o",
                    "style": Object {},
                  },
                  "ref": null,
                  "rendered": null,
                  "type": [Function],
                },
                "type": [Function],
              },
            ],
            "type": [Function],
          },
          "type": [Function],
        },
        Object {
          "instance": null,
          "key": undefined,
          "nodeType": "class",
          "props": Object {
            "autoFocus": true,
            "className": "",
            "onChange": [Function],
            "options": Object {
              "lineNumbers": true,
              "mode": "javascript",
              "readOnly": false,
              "theme": "idea",
            },
            "preserveScrollPosition": false,
            "value": "const component = {
	name: \\"react-code\\",
	author: \\"front10-devs\\",
	repo: \\"https://gitlab.com/front10-devs/landing-page-book\\"
};",
          },
          "ref": "editor",
          "rendered": null,
          "type": [Function],
        },
        Object {
          "instance": null,
          "key": undefined,
          "nodeType": "class",
          "props": Object {
            "children": null,
            "className": "CodeMirror__header",
            "companyLink": "",
            "companyLogo": "",
            "companyName": "",
            "expand": "",
            "fixed": false,
            "leftItems": Array [],
            "onItemClick": [Function],
            "rightItems": Array [],
            "transparent": false,
          },
          "ref": null,
          "rendered": null,
          "type": [Function],
        },
      ],
      "type": "div",
    },
  ],
  Symbol(enzyme.__options__): Object {
    "adapter": ReactSixteenAdapter {
      "options": Object {
        "enableComponentDidUpdateOnSetState": true,
        "lifecycles": Object {
          "componentDidUpdate": Object {
            "onSetState": true,
          },
          "getDerivedStateFromProps": true,
          "getSnapshotBeforeUpdate": true,
          "setState": Object {
            "skipsComponentDidUpdateOnNullish": true,
          },
        },
      },
    },
    "attachTo": undefined,
    "hydrateIn": undefined,
  },
}
`;
