// Jest Snapshot v1, https://goo.gl/fbAQLP

exports[`Hero Hero should render 1`] = `
ShallowWrapper {
  Symbol(enzyme.__root__): [Circular],
  Symbol(enzyme.__unrendered__): <Hero
    backgroundColor="transparent"
    buttons={Array []}
    header=""
    image="https://front10.com/img/header-bg.jpg"
    isCentered={true}
    isFixed={true}
    minHeight="100vh"
    opacity={0}
    overlayColor="#fff"
    parallaxOffset={0}
    particles={true}
    particlesParams={Object {}}
    subHeader=""
    subHeaderPosition="bottom"
  />,
  Symbol(enzyme.__renderer__): Object {
    "batchedUpdates": [Function],
    "getNode": [Function],
    "render": [Function],
    "simulateError": [Function],
    "simulateEvent": [Function],
    "unmount": [Function],
  },
  Symbol(enzyme.__node__): Object {
    "instance": null,
    "key": undefined,
    "nodeType": "host",
    "props": Object {
      "children": <LazyHero
        className={undefined}
        color="#fff"
        imageSrc="https://front10.com/img/header-bg.jpg"
        isCentered={true}
        isFixed={true}
        minHeight="100vh"
        opacity={0}
        parallaxOffset={0}
        style={undefined}
        transitionDuration={600}
        transitionTimingFunction="ease-in-out"
      >
        <div
          className="Hero__Particles"
        >
          <t
            height="100%"
            params={Object {}}
            style={Object {}}
            width="100%"
          />
        </div>
        <div
          className="Hero__Container d-flex align-content-center"
        >
          <Container
            className=""
            fluid={false}
          >
            
            
            
          </Container>
        </div>
      </LazyHero>,
      "className": "Hero",
      "style": Object {
        "backgroundColor": "transparent",
      },
    },
    "ref": null,
    "rendered": Object {
      "instance": null,
      "key": undefined,
      "nodeType": "class",
      "props": Object {
        "children": Array [
          <div
            className="Hero__Particles"
          >
            <t
              height="100%"
              params={Object {}}
              style={Object {}}
              width="100%"
            />
          </div>,
          <div
            className="Hero__Container d-flex align-content-center"
          >
            <Container
              className=""
              fluid={false}
            >
              
              
              
            </Container>
          </div>,
        ],
        "className": undefined,
        "color": "#fff",
        "imageSrc": "https://front10.com/img/header-bg.jpg",
        "isCentered": true,
        "isFixed": true,
        "minHeight": "100vh",
        "opacity": 0,
        "parallaxOffset": 0,
        "style": undefined,
        "transitionDuration": 600,
        "transitionTimingFunction": "ease-in-out",
      },
      "ref": null,
      "rendered": Array [
        Object {
          "instance": null,
          "key": undefined,
          "nodeType": "host",
          "props": Object {
            "children": <t
              height="100%"
              params={Object {}}
              style={Object {}}
              width="100%"
            />,
            "className": "Hero__Particles",
          },
          "ref": null,
          "rendered": Object {
            "instance": null,
            "key": undefined,
            "nodeType": "class",
            "props": Object {
              "height": "100%",
              "params": Object {},
              "style": Object {},
              "width": "100%",
            },
            "ref": null,
            "rendered": null,
            "type": [Function],
          },
          "type": "div",
        },
        Object {
          "instance": null,
          "key": undefined,
          "nodeType": "host",
          "props": Object {
            "children": Array [
              <Container
                className=""
                fluid={false}
              >
                
                
                
              </Container>,
              null,
            ],
            "className": "Hero__Container d-flex align-content-center",
          },
          "ref": null,
          "rendered": Array [
            Object {
              "instance": null,
              "key": undefined,
              "nodeType": "class",
              "props": Object {
                "children": Array [
                  "",
                  "",
                  "",
                  Array [],
                ],
                "className": "",
                "fluid": false,
              },
              "ref": null,
              "rendered": Array [
                "",
                "",
                "",
              ],
              "type": [Function],
            },
            null,
          ],
          "type": "div",
        },
      ],
      "type": [Function],
    },
    "type": "div",
  },
  Symbol(enzyme.__nodes__): Array [
    Object {
      "instance": null,
      "key": undefined,
      "nodeType": "host",
      "props": Object {
        "children": <LazyHero
          className={undefined}
          color="#fff"
          imageSrc="https://front10.com/img/header-bg.jpg"
          isCentered={true}
          isFixed={true}
          minHeight="100vh"
          opacity={0}
          parallaxOffset={0}
          style={undefined}
          transitionDuration={600}
          transitionTimingFunction="ease-in-out"
        >
          <div
            className="Hero__Particles"
          >
            <t
              height="100%"
              params={Object {}}
              style={Object {}}
              width="100%"
            />
          </div>
          <div
            className="Hero__Container d-flex align-content-center"
          >
            <Container
              className=""
              fluid={false}
            >
              
              
              
            </Container>
          </div>
        </LazyHero>,
        "className": "Hero",
        "style": Object {
          "backgroundColor": "transparent",
        },
      },
      "ref": null,
      "rendered": Object {
        "instance": null,
        "key": undefined,
        "nodeType": "class",
        "props": Object {
          "children": Array [
            <div
              className="Hero__Particles"
            >
              <t
                height="100%"
                params={Object {}}
                style={Object {}}
                width="100%"
              />
            </div>,
            <div
              className="Hero__Container d-flex align-content-center"
            >
              <Container
                className=""
                fluid={false}
              >
                
                
                
              </Container>
            </div>,
          ],
          "className": undefined,
          "color": "#fff",
          "imageSrc": "https://front10.com/img/header-bg.jpg",
          "isCentered": true,
          "isFixed": true,
          "minHeight": "100vh",
          "opacity": 0,
          "parallaxOffset": 0,
          "style": undefined,
          "transitionDuration": 600,
          "transitionTimingFunction": "ease-in-out",
        },
        "ref": null,
        "rendered": Array [
          Object {
            "instance": null,
            "key": undefined,
            "nodeType": "host",
            "props": Object {
              "children": <t
                height="100%"
                params={Object {}}
                style={Object {}}
                width="100%"
              />,
              "className": "Hero__Particles",
            },
            "ref": null,
            "rendered": Object {
              "instance": null,
              "key": undefined,
              "nodeType": "class",
              "props": Object {
                "height": "100%",
                "params": Object {},
                "style": Object {},
                "width": "100%",
              },
              "ref": null,
              "rendered": null,
              "type": [Function],
            },
            "type": "div",
          },
          Object {
            "instance": null,
            "key": undefined,
            "nodeType": "host",
            "props": Object {
              "children": Array [
                <Container
                  className=""
                  fluid={false}
                >
                  
                  
                  
                </Container>,
                null,
              ],
              "className": "Hero__Container d-flex align-content-center",
            },
            "ref": null,
            "rendered": Array [
              Object {
                "instance": null,
                "key": undefined,
                "nodeType": "class",
                "props": Object {
                  "children": Array [
                    "",
                    "",
                    "",
                    Array [],
                  ],
                  "className": "",
                  "fluid": false,
                },
                "ref": null,
                "rendered": Array [
                  "",
                  "",
                  "",
                ],
                "type": [Function],
              },
              null,
            ],
            "type": "div",
          },
        ],
        "type": [Function],
      },
      "type": "div",
    },
  ],
  Symbol(enzyme.__options__): Object {
    "adapter": ReactSixteenAdapter {
      "options": Object {
        "enableComponentDidUpdateOnSetState": true,
        "lifecycles": Object {
          "componentDidUpdate": Object {
            "onSetState": true,
          },
          "getDerivedStateFromProps": true,
          "getSnapshotBeforeUpdate": true,
          "setState": Object {
            "skipsComponentDidUpdateOnNullish": true,
          },
        },
      },
    },
    "attachTo": undefined,
    "hydrateIn": undefined,
  },
}
`;
